{
  "0.100": {
    "native_oto": {
      "delta": 0.0,
      "fold_deltas": [
        0.0,
        0.0,
        0.0
      ]
    },
    "native_otm": {
      "delta": 0.769068445928788,
      "fold_deltas": [
        -3.306793101494705,
        2.4895632768229774,
        1.881431429362351
      ]
    },
    "oto_aircraft_otm_ship_fsc": {
      "delta": 0.1644475486529018,
      "fold_deltas": [
        -3.401719507835722,
        2.0855577556061746,
        1.260917270692417
      ]
    },
    "oto_aircraft_fsc_otm_ship": {
      "delta": 1.7547809636358878,
      "fold_deltas": [
        0.42871218637306185,
        0.632319743983615,
        1.990906235975494
      ]
    },
    "oto_ship01_aircraft_fsc_otm_ship23": {
      "delta": 0.27498304082264013,
      "fold_deltas": [
        0.31113625082691954,
        0.2508515303520369,
        0.3336409166350478
      ]
    },
    "oto_ship_aircraft_otm_fsc": {
      "delta": -1.590333414982993,
      "fold_deltas": [
        -3.8304316942087837,
        1.4532380116225596,
        -0.7299889652830913
      ]
    }
  },
  "0.120": {
    "native_oto": {
      "delta": 0.0,
      "fold_deltas": [
        0.0,
        0.0,
        0.0
      ]
    },
    "native_otm": {
      "delta": -0.20517392471354157,
      "fold_deltas": [
        -2.561945942605071,
        0.05034030392633326,
        -0.35843930718192496
      ]
    },
    "oto_aircraft_otm_ship_fsc": {
      "delta": -0.5708731060604038,
      "fold_deltas": [
        -2.8145869437018263,
        -0.22138534762996898,
        -0.5742410350541292
      ]
    },
    "oto_aircraft_fsc_otm_ship": {
      "delta": 0.8000870896790957,
      "fold_deltas": [
        0.42871218637306185,
        -3.1121311982090063,
        1.9909062359755012
      ]
    },
    "oto_ship01_aircraft_fsc_otm_ship23": {
      "delta": 0.27498304082264724,
      "fold_deltas": [
        0.31113625082691954,
        0.250851530352044,
        0.3336409166350549
      ]
    },
    "oto_ship_aircraft_otm_fsc": {
      "delta": -1.3709601957394923,
      "fold_deltas": [
        -3.2432991300749023,
        2.8907458505790444,
        -2.5651472710296233
      ]
    }
  },
  "0.150": {
    "native_oto": {
      "delta": 0.0,
      "fold_deltas": [
        0.0,
        0.0,
        0.0
      ]
    },
    "native_otm": {
      "delta": 2.0466625006737473,
      "fold_deltas": [
        2.7821569127324253,
        2.0956505965860046,
        -0.9605147241329561
      ]
    },
    "oto_aircraft_otm_ship_fsc": {
      "delta": 2.0907089191070014,
      "fold_deltas": [
        2.7142347376898073,
        2.1626586861305768,
        -0.8307454949774424
      ]
    },
    "oto_aircraft_fsc_otm_ship": {
      "delta": 2.377572016250241,
      "fold_deltas": [
        5.78660429363071,
        -3.0651176347098428,
        0.7695126757579871
      ]
    },
    "oto_ship01_aircraft_fsc_otm_ship23": {
      "delta": 0.2131848198064361,
      "fold_deltas": [
        0.1353059515002144,
        0.12076915935712407,
        0.2671013527043229
      ]
    },
    "oto_ship_aircraft_otm_fsc": {
      "delta": -0.28686309714325375,
      "fold_deltas": [
        -3.0723695559409094,
        5.227776320840412,
        -1.6002581707354295
      ]
    }
  },
  "0.200": {
    "native_oto": {
      "delta": 0.0,
      "fold_deltas": [
        0.0,
        0.0,
        0.0
      ]
    },
    "native_otm": {
      "delta": -0.03581287770067121,
      "fold_deltas": [
        1.5052296859213499,
        -0.3457420554711774,
        -0.8416030427077601
      ]
    },
    "oto_aircraft_otm_ship_fsc": {
      "delta": 0.525416363618838,
      "fold_deltas": [
        1.9329488677437183,
        0.15992979657685424,
        -0.36510379808722604
      ]
    },
    "oto_aircraft_fsc_otm_ship": {
      "delta": 1.352316741435068,
      "fold_deltas": [
        5.7535297316682446,
        -2.608730691970486,
        -0.12263269725086445
      ]
    },
    "oto_ship01_aircraft_fsc_otm_ship23": {
      "delta": 0.18744121608715147,
      "fold_deltas": [
        0.12028461609718022,
        0.015785725100634806,
        0.2369013613416442
      ]
    },
    "oto_ship_aircraft_otm_fsc": {
      "delta": -0.82690037781623,
      "fold_deltas": [
        -3.820580863924519,
        2.76866048854734,
        -0.24247110083635448
      ]
    }
  }
}
